Archive member included because of file (symbol)

e:/amit/avr tools/sdk_win_64/winavr/bin/../lib/gcc/avr/4.3.3/avr5\libgcc.a(_mulsi3.o)
                              ./Timers_Services.o (__mulsi3)
e:/amit/avr tools/sdk_win_64/winavr/bin/../lib/gcc/avr/4.3.3/avr5\libgcc.a(_udivmodhi4.o)
                              ./Timers_Services.o (__udivmodhi4)
e:/amit/avr tools/sdk_win_64/winavr/bin/../lib/gcc/avr/4.3.3/avr5\libgcc.a(_udivmodsi4.o)
                              ./Timers_Services.o (__udivmodsi4)
e:/amit/avr tools/sdk_win_64/winavr/bin/../lib/gcc/avr/4.3.3/avr5\libgcc.a(_exit.o)
                              e:/amit/avr tools/sdk_win_64/winavr/bin/../lib/gcc/avr/4.3.3/../../../../avr/lib/avr5/crtm32.o (exit)
e:/amit/avr tools/sdk_win_64/winavr/bin/../lib/gcc/avr/4.3.3/avr5\libgcc.a(_copy_data.o)
                              ./DIO_Lcfg.o (__do_copy_data)
e:/amit/avr tools/sdk_win_64/winavr/bin/../lib/gcc/avr/4.3.3/avr5\libgcc.a(_clear_bss.o)
                              ./Kernel_program.o (__do_clear_bss)

Memory Configuration

Name             Origin             Length             Attributes
text             0x00000000         0x00020000         xr
data             0x00800060         0x0000ffa0         rw !x
eeprom           0x00810000         0x00010000         rw !x
fuse             0x00820000         0x00000400         rw !x
lock             0x00830000         0x00000400         rw !x
signature        0x00840000         0x00000400         rw !x
*default*        0x00000000         0xffffffff

Linker script and memory map

LOAD e:/amit/avr tools/sdk_win_64/winavr/bin/../lib/gcc/avr/4.3.3/../../../../avr/lib/avr5/crtm32.o
LOAD ./DIO.o
LOAD ./DIO_Lcfg.o
LOAD ./Kernel_program.o
LOAD ./Timers.o
LOAD ./Timers_Services.o
LOAD ./main.o
LOAD e:/amit/avr tools/sdk_win_64/winavr/bin/../lib/gcc/avr/4.3.3/avr5\libgcc.a
LOAD e:/amit/avr tools/sdk_win_64/winavr/bin/../lib/gcc/avr/4.3.3/../../../../avr/lib/avr5\libc.a
LOAD e:/amit/avr tools/sdk_win_64/winavr/bin/../lib/gcc/avr/4.3.3/avr5\libgcc.a

.hash
 *(.hash)

.dynsym
 *(.dynsym)

.dynstr
 *(.dynstr)

.gnu.version
 *(.gnu.version)

.gnu.version_d
 *(.gnu.version_d)

.gnu.version_r
 *(.gnu.version_r)

.rel.init
 *(.rel.init)

.rela.init
 *(.rela.init)

.rel.text
 *(.rel.text)
 *(.rel.text.*)
 *(.rel.gnu.linkonce.t*)

.rela.text
 *(.rela.text)
 *(.rela.text.*)
 *(.rela.gnu.linkonce.t*)

.rel.fini
 *(.rel.fini)

.rela.fini
 *(.rela.fini)

.rel.rodata
 *(.rel.rodata)
 *(.rel.rodata.*)
 *(.rel.gnu.linkonce.r*)

.rela.rodata
 *(.rela.rodata)
 *(.rela.rodata.*)
 *(.rela.gnu.linkonce.r*)

.rel.data
 *(.rel.data)
 *(.rel.data.*)
 *(.rel.gnu.linkonce.d*)

.rela.data
 *(.rela.data)
 *(.rela.data.*)
 *(.rela.gnu.linkonce.d*)

.rel.ctors
 *(.rel.ctors)

.rela.ctors
 *(.rela.ctors)

.rel.dtors
 *(.rel.dtors)

.rela.dtors
 *(.rela.dtors)

.rel.got
 *(.rel.got)

.rela.got
 *(.rela.got)

.rel.bss
 *(.rel.bss)

.rela.bss
 *(.rela.bss)

.rel.plt
 *(.rel.plt)

.rela.plt
 *(.rela.plt)

.text           0x00000000     0x1e04
 *(.vectors)
 .vectors       0x00000000       0x54 e:/amit/avr tools/sdk_win_64/winavr/bin/../lib/gcc/avr/4.3.3/../../../../avr/lib/avr5/crtm32.o
                0x00000000                __vectors
                0x00000000                __vector_default
 *(.vectors)
 *(.progmem.gcc*)
 *(.progmem*)
                0x00000054                . = ALIGN (0x2)
                0x00000054                __trampolines_start = .
 *(.trampolines)
 .trampolines   0x00000054        0x0 linker stubs
 *(.trampolines*)
                0x00000054                __trampolines_end = .
 *(.jumptables)
 *(.jumptables*)
 *(.lowtext)
 *(.lowtext*)
                0x00000054                __ctors_start = .
 *(.ctors)
                0x00000054                __ctors_end = .
                0x00000054                __dtors_start = .
 *(.dtors)
                0x00000054                __dtors_end = .
 SORT(*)(.ctors)
 SORT(*)(.dtors)
 *(.init0)
 .init0         0x00000054        0x0 e:/amit/avr tools/sdk_win_64/winavr/bin/../lib/gcc/avr/4.3.3/../../../../avr/lib/avr5/crtm32.o
                0x00000054                __init
 *(.init0)
 *(.init1)
 *(.init1)
 *(.init2)
 .init2         0x00000054        0xc e:/amit/avr tools/sdk_win_64/winavr/bin/../lib/gcc/avr/4.3.3/../../../../avr/lib/avr5/crtm32.o
 *(.init2)
 *(.init3)
 *(.init3)
 *(.init4)
 .init4         0x00000060       0x16 e:/amit/avr tools/sdk_win_64/winavr/bin/../lib/gcc/avr/4.3.3/avr5\libgcc.a(_copy_data.o)
                0x00000060                __do_copy_data
 .init4         0x00000076       0x10 e:/amit/avr tools/sdk_win_64/winavr/bin/../lib/gcc/avr/4.3.3/avr5\libgcc.a(_clear_bss.o)
                0x00000076                __do_clear_bss
 *(.init4)
 *(.init5)
 *(.init5)
 *(.init6)
 *(.init6)
 *(.init7)
 *(.init7)
 *(.init8)
 *(.init8)
 *(.init9)
 .init9         0x00000086        0x8 e:/amit/avr tools/sdk_win_64/winavr/bin/../lib/gcc/avr/4.3.3/../../../../avr/lib/avr5/crtm32.o
 *(.init9)
 *(.text)
 .text          0x0000008e        0x4 e:/amit/avr tools/sdk_win_64/winavr/bin/../lib/gcc/avr/4.3.3/../../../../avr/lib/avr5/crtm32.o
                0x0000008e                __vector_1
                0x0000008e                __vector_12
                0x0000008e                __bad_interrupt
                0x0000008e                __vector_3
                0x0000008e                __vector_11
                0x0000008e                __vector_13
                0x0000008e                __vector_17
                0x0000008e                __vector_19
                0x0000008e                __vector_5
                0x0000008e                __vector_4
                0x0000008e                __vector_2
                0x0000008e                __vector_15
                0x0000008e                __vector_14
                0x0000008e                __vector_10
                0x0000008e                __vector_16
                0x0000008e                __vector_18
                0x0000008e                __vector_20
 .text          0x00000092        0x0 ./DIO.o
 .text          0x00000092        0x0 ./DIO_Lcfg.o
 .text          0x00000092        0x0 ./Kernel_program.o
 .text          0x00000092        0x0 ./Timers.o
 .text          0x00000092        0x0 ./Timers_Services.o
 .text          0x00000092        0x0 ./main.o
 .text          0x00000092        0x0 e:/amit/avr tools/sdk_win_64/winavr/bin/../lib/gcc/avr/4.3.3/avr5\libgcc.a(_mulsi3.o)
 .text          0x00000092        0x0 e:/amit/avr tools/sdk_win_64/winavr/bin/../lib/gcc/avr/4.3.3/avr5\libgcc.a(_udivmodhi4.o)
 .text          0x00000092        0x0 e:/amit/avr tools/sdk_win_64/winavr/bin/../lib/gcc/avr/4.3.3/avr5\libgcc.a(_udivmodsi4.o)
 .text          0x00000092        0x0 e:/amit/avr tools/sdk_win_64/winavr/bin/../lib/gcc/avr/4.3.3/avr5\libgcc.a(_exit.o)
 .text          0x00000092        0x0 e:/amit/avr tools/sdk_win_64/winavr/bin/../lib/gcc/avr/4.3.3/avr5\libgcc.a(_copy_data.o)
 .text          0x00000092        0x0 e:/amit/avr tools/sdk_win_64/winavr/bin/../lib/gcc/avr/4.3.3/avr5\libgcc.a(_clear_bss.o)
                0x00000092                . = ALIGN (0x2)
 *(.text.*)
 .text.DIO_InitPin
                0x00000092      0x4e0 ./DIO.o
 .text.DIO_WritePin
                0x00000572      0x20e ./DIO.o
                0x00000572                DIO_WritePin
 .text.DIO_ReadPin
                0x00000780      0x104 ./DIO.o
                0x00000780                DIO_ReadPin
 .text.DIO_WritePort
                0x00000884       0x82 ./DIO.o
                0x00000884                DIO_WritePort
 .text.DIO_Init
                0x00000906       0x38 ./DIO.o
                0x00000906                DIO_Init
 .text.DIO_TogglePin
                0x0000093e      0x10c ./DIO.o
                0x0000093e                DIO_TogglePin
 .text.RTOS_voidStart
                0x00000a4a       0x1e ./Kernel_program.o
                0x00000a4a                RTOS_voidStart
 .text.RTOS_u8CreateTask
                0x00000a68      0x102 ./Kernel_program.o
                0x00000a68                RTOS_u8CreateTask
 .text.RTOS_voidSuspendTask
                0x00000b6a       0x36 ./Kernel_program.o
                0x00000b6a                RTOS_voidSuspendTask
 .text.RTOS_voidResumeTask
                0x00000ba0       0x34 ./Kernel_program.o
                0x00000ba0                RTOS_voidResumeTask
 .text.RTOS_voidDeleteTask
                0x00000bd4       0x36 ./Kernel_program.o
                0x00000bd4                RTOS_voidDeleteTask
 .text.Scheduler
                0x00000c0a      0x14e ./Kernel_program.o
 .text.TIMER0_Init
                0x00000d58       0xf0 ./Timers.o
                0x00000d58                TIMER0_Init
 .text.TIMER0_OC0Mode
                0x00000e48       0xce ./Timers.o
                0x00000e48                TIMER0_OC0Mode
 .text.TIMER0_OV_InterruptEnable
                0x00000f16       0x1c ./Timers.o
                0x00000f16                TIMER0_OV_InterruptEnable
 .text.TIMER0_OV_InterruptDisable
                0x00000f32       0x1c ./Timers.o
                0x00000f32                TIMER0_OV_InterruptDisable
 .text.TIMER0_OC_InterruptEnable
                0x00000f4e       0x1c ./Timers.o
                0x00000f4e                TIMER0_OC_InterruptEnable
 .text.TIMER0_OC_InterruptDisable
                0x00000f6a       0x1c ./Timers.o
                0x00000f6a                TIMER0_OC_InterruptDisable
 .text.Timer1_Init
                0x00000f86      0x1aa ./Timers.o
                0x00000f86                Timer1_Init
 .text.Timer1_OCRA1Mode
                0x00001130       0xce ./Timers.o
                0x00001130                Timer1_OCRA1Mode
 .text.Timer1_OCRB1Mode
                0x000011fe       0xce ./Timers.o
                0x000011fe                Timer1_OCRB1Mode
 .text.Timer1_InputCaptureEdge
                0x000012cc       0x3e ./Timers.o
                0x000012cc                Timer1_InputCaptureEdge
 .text.Timer1_ICU_InterruptEnable
                0x0000130a       0x1c ./Timers.o
                0x0000130a                Timer1_ICU_InterruptEnable
 .text.Timer1_ICU_InterruptDisable
                0x00001326       0x1c ./Timers.o
                0x00001326                Timer1_ICU_InterruptDisable
 .text.Timer1_OVF_InterruptEnable
                0x00001342       0x1c ./Timers.o
                0x00001342                Timer1_OVF_InterruptEnable
 .text.Timer1_OVF_InterruptDisable
                0x0000135e       0x1c ./Timers.o
                0x0000135e                Timer1_OVF_InterruptDisable
 .text.Timer1_OCA_InterruptEnable
                0x0000137a       0x1c ./Timers.o
                0x0000137a                Timer1_OCA_InterruptEnable
 .text.Timer1_OCA_InterruptDisable
                0x00001396       0x1c ./Timers.o
                0x00001396                Timer1_OCA_InterruptDisable
 .text.Timer1_OCB_InterruptEnable
                0x000013b2       0x1c ./Timers.o
                0x000013b2                Timer1_OCB_InterruptEnable
 .text.Timer1_OCB_InterruptDisable
                0x000013ce       0x1c ./Timers.o
                0x000013ce                Timer1_OCB_InterruptDisable
 .text.Timer1_OVF_SetCallBack
                0x000013ea       0x24 ./Timers.o
                0x000013ea                Timer1_OVF_SetCallBack
 .text.Timer1_OCA_SetCallBack
                0x0000140e       0x24 ./Timers.o
                0x0000140e                Timer1_OCA_SetCallBack
 .text.Timer1_OCB_SetCallBack
                0x00001432       0x24 ./Timers.o
                0x00001432                Timer1_OCB_SetCallBack
 .text.Timer1_ICU_SetCallBack
                0x00001456       0x24 ./Timers.o
                0x00001456                Timer1_ICU_SetCallBack
 .text.__vector_9
                0x0000147a       0x66 ./Timers.o
                0x0000147a                __vector_9
 .text.__vector_7
                0x000014e0       0x66 ./Timers.o
                0x000014e0                __vector_7
 .text.__vector_8
                0x00001546       0x66 ./Timers.o
                0x00001546                __vector_8
 .text.__vector_6
                0x000015ac       0x66 ./Timers.o
                0x000015ac                __vector_6
 .text.PWM_Freq_KHZ
                0x00001612       0x5a ./Timers_Services.o
                0x00001612                PWM_Freq_KHZ
 .text.PWM_Freq_HZ
                0x0000166c       0x68 ./Timers_Services.o
                0x0000166c                PWM_Freq_HZ
 .text.PWM_Duty
                0x000016d4       0x98 ./Timers_Services.o
                0x000016d4                PWM_Duty
 .text.Timer1_SetInterruptTime_ms
                0x0000176c       0x58 ./Timers_Services.o
                0x0000176c                Timer1_SetInterruptTime_ms
 .text.PWM_Measure2
                0x000017c4      0x11c ./Timers_Services.o
                0x000017c4                PWM_Measure2
 .text.PWM_Measure
                0x000018e0      0x12e ./Timers_Services.o
                0x000018e0                PWM_Measure
 .text.Func_ICU
                0x00001a0e       0x9e ./Timers_Services.o
 .text.f1       0x00001aac       0x34 ./Timers_Services.o
                0x00001aac                f1
 .text.f2       0x00001ae0      0x120 ./Timers_Services.o
                0x00001ae0                f2
 .text.Timer1_SetInterruptTime_s
                0x00001c00       0x7c ./Timers_Services.o
                0x00001c00                Timer1_SetInterruptTime_s
 .text.Timer_func
                0x00001c7c       0x78 ./Timers_Services.o
 .text.main     0x00001cf4       0x3a ./main.o
                0x00001cf4                main
 .text.LED1     0x00001d2e       0x14 ./main.o
                0x00001d2e                LED1
 .text.LED2     0x00001d42       0x14 ./main.o
                0x00001d42                LED2
 .text.libgcc   0x00001d56       0x3e e:/amit/avr tools/sdk_win_64/winavr/bin/../lib/gcc/avr/4.3.3/avr5\libgcc.a(_mulsi3.o)
                0x00001d56                __mulsi3
 .text.libgcc   0x00001d94       0x28 e:/amit/avr tools/sdk_win_64/winavr/bin/../lib/gcc/avr/4.3.3/avr5\libgcc.a(_udivmodhi4.o)
                0x00001d94                __udivmodhi4
 .text.libgcc   0x00001dbc       0x44 e:/amit/avr tools/sdk_win_64/winavr/bin/../lib/gcc/avr/4.3.3/avr5\libgcc.a(_udivmodsi4.o)
                0x00001dbc                __udivmodsi4
 .text.libgcc   0x00001e00        0x0 e:/amit/avr tools/sdk_win_64/winavr/bin/../lib/gcc/avr/4.3.3/avr5\libgcc.a(_exit.o)
 .text.libgcc   0x00001e00        0x0 e:/amit/avr tools/sdk_win_64/winavr/bin/../lib/gcc/avr/4.3.3/avr5\libgcc.a(_copy_data.o)
 .text.libgcc   0x00001e00        0x0 e:/amit/avr tools/sdk_win_64/winavr/bin/../lib/gcc/avr/4.3.3/avr5\libgcc.a(_clear_bss.o)
                0x00001e00                . = ALIGN (0x2)
 *(.fini9)
 .fini9         0x00001e00        0x0 e:/amit/avr tools/sdk_win_64/winavr/bin/../lib/gcc/avr/4.3.3/avr5\libgcc.a(_exit.o)
                0x00001e00                exit
                0x00001e00                _exit
 *(.fini9)
 *(.fini8)
 *(.fini8)
 *(.fini7)
 *(.fini7)
 *(.fini6)
 *(.fini6)
 *(.fini5)
 *(.fini5)
 *(.fini4)
 *(.fini4)
 *(.fini3)
 *(.fini3)
 *(.fini2)
 *(.fini2)
 *(.fini1)
 *(.fini1)
 *(.fini0)
 .fini0         0x00001e00        0x4 e:/amit/avr tools/sdk_win_64/winavr/bin/../lib/gcc/avr/4.3.3/avr5\libgcc.a(_exit.o)
 *(.fini0)
                0x00001e04                _etext = .

.data           0x00800060       0x20 load address 0x00001e04
                0x00800060                PROVIDE (__data_start, .)
 *(.data)
 .data          0x00800060        0x0 e:/amit/avr tools/sdk_win_64/winavr/bin/../lib/gcc/avr/4.3.3/../../../../avr/lib/avr5/crtm32.o
 .data          0x00800060        0x0 ./DIO.o
 .data          0x00800060        0x0 ./DIO_Lcfg.o
 .data          0x00800060        0x0 ./Kernel_program.o
 .data          0x00800060        0x0 ./Timers.o
 .data          0x00800060        0x0 ./Timers_Services.o
 .data          0x00800060        0x0 ./main.o
 .data          0x00800060        0x0 e:/amit/avr tools/sdk_win_64/winavr/bin/../lib/gcc/avr/4.3.3/avr5\libgcc.a(_mulsi3.o)
 .data          0x00800060        0x0 e:/amit/avr tools/sdk_win_64/winavr/bin/../lib/gcc/avr/4.3.3/avr5\libgcc.a(_udivmodhi4.o)
 .data          0x00800060        0x0 e:/amit/avr tools/sdk_win_64/winavr/bin/../lib/gcc/avr/4.3.3/avr5\libgcc.a(_udivmodsi4.o)
 .data          0x00800060        0x0 e:/amit/avr tools/sdk_win_64/winavr/bin/../lib/gcc/avr/4.3.3/avr5\libgcc.a(_exit.o)
 .data          0x00800060        0x0 e:/amit/avr tools/sdk_win_64/winavr/bin/../lib/gcc/avr/4.3.3/avr5\libgcc.a(_copy_data.o)
 .data          0x00800060        0x0 e:/amit/avr tools/sdk_win_64/winavr/bin/../lib/gcc/avr/4.3.3/avr5\libgcc.a(_clear_bss.o)
 *(.data*)
 *(.rodata)
 *(.rodata*)
 .rodata.PinsStatusArray
                0x00800060       0x20 ./DIO_Lcfg.o
                0x00800060                PinsStatusArray
 *(.gnu.linkonce.d*)
                0x00800080                . = ALIGN (0x2)
                0x00800080                _edata = .
                0x00800080                PROVIDE (__data_end, .)

.bss            0x00800080       0x2f
                0x00800080                PROVIDE (__bss_start, .)
 *(.bss)
 .bss           0x00800080        0x0 e:/amit/avr tools/sdk_win_64/winavr/bin/../lib/gcc/avr/4.3.3/../../../../avr/lib/avr5/crtm32.o
 .bss           0x00800080        0x0 ./DIO.o
 .bss           0x00800080        0x0 ./DIO_Lcfg.o
 .bss           0x00800080        0x0 ./Kernel_program.o
 .bss           0x00800080        0x0 ./Timers.o
 .bss           0x00800080        0x0 ./Timers_Services.o
 .bss           0x00800080        0x0 ./main.o
 .bss           0x00800080        0x0 e:/amit/avr tools/sdk_win_64/winavr/bin/../lib/gcc/avr/4.3.3/avr5\libgcc.a(_mulsi3.o)
 .bss           0x00800080        0x0 e:/amit/avr tools/sdk_win_64/winavr/bin/../lib/gcc/avr/4.3.3/avr5\libgcc.a(_udivmodhi4.o)
 .bss           0x00800080        0x0 e:/amit/avr tools/sdk_win_64/winavr/bin/../lib/gcc/avr/4.3.3/avr5\libgcc.a(_udivmodsi4.o)
 .bss           0x00800080        0x0 e:/amit/avr tools/sdk_win_64/winavr/bin/../lib/gcc/avr/4.3.3/avr5\libgcc.a(_exit.o)
 .bss           0x00800080        0x0 e:/amit/avr tools/sdk_win_64/winavr/bin/../lib/gcc/avr/4.3.3/avr5\libgcc.a(_copy_data.o)
 .bss           0x00800080        0x0 e:/amit/avr tools/sdk_win_64/winavr/bin/../lib/gcc/avr/4.3.3/avr5\libgcc.a(_clear_bss.o)
 *(.bss*)
 .bss.SystemTasks
                0x00800080       0x15 ./Kernel_program.o
                0x00800080                SystemTasks
 .bss.Timer1_OVF_Fptr
                0x00800095        0x2 ./Timers.o
 .bss.Timer1_OCA_Fptr
                0x00800097        0x2 ./Timers.o
 .bss.Timer1_OCB_Fptr
                0x00800099        0x2 ./Timers.o
 .bss.Timer1_ICU_Fptr
                0x0080009b        0x2 ./Timers.o
 .bss.flag      0x0080009d        0x2 ./Timers_Services.o
 .bss.NofOverFlow
                0x0080009f        0x4 ./Timers_Services.o
 .bss.c.1580    0x008000a3        0x4 ./Timers_Services.o
 .bss.t1        0x008000a7        0x2 ./Timers_Services.o
 .bss.t2        0x008000a9        0x2 ./Timers_Services.o
 .bss.t3        0x008000ab        0x2 ./Timers_Services.o
 .bss.fptr_timer
                0x008000ad        0x2 ./Timers_Services.o
 *(COMMON)
                0x008000af                PROVIDE (__bss_end, .)
                0x00001e04                __data_load_start = LOADADDR (.data)
                0x00001e24                __data_load_end = (__data_load_start + SIZEOF (.data))

.noinit         0x008000af        0x0
                0x008000af                PROVIDE (__noinit_start, .)
 *(.noinit*)
                0x008000af                PROVIDE (__noinit_end, .)
                0x008000af                _end = .
                0x008000af                PROVIDE (__heap_start, .)

.eeprom         0x00810000        0x0
 *(.eeprom*)
                0x00810000                __eeprom_end = .

.fuse
 *(.fuse)
 *(.lfuse)
 *(.hfuse)
 *(.efuse)

.lock
 *(.lock*)

.signature
 *(.signature*)

.stab           0x00000000     0x1fec
 *(.stab)
 .stab          0x00000000      0x738 ./DIO.o
 .stab          0x00000738       0xfc ./DIO_Lcfg.o
                                0x1ec (size before relaxing)
 .stab          0x00000834      0x468 ./Kernel_program.o
                                0x4ec (size before relaxing)
 .stab          0x00000c9c      0x984 ./Timers.o
                                0xad4 (size before relaxing)
 .stab          0x00001620      0x834 ./Timers_Services.o
                                0x9fc (size before relaxing)
 .stab          0x00001e54      0x198 ./main.o
                                0x288 (size before relaxing)

.stabstr        0x00000000     0x128f
 *(.stabstr)
 .stabstr       0x00000000     0x128f ./DIO.o

.stab.excl
 *(.stab.excl)

.stab.exclstr
 *(.stab.exclstr)

.stab.index
 *(.stab.index)

.stab.indexstr
 *(.stab.indexstr)

.comment
 *(.comment)

.debug
 *(.debug)

.line
 *(.line)

.debug_srcinfo
 *(.debug_srcinfo)

.debug_sfnames
 *(.debug_sfnames)

.debug_aranges
 *(.debug_aranges)

.debug_pubnames
 *(.debug_pubnames)

.debug_info
 *(.debug_info)
 *(.gnu.linkonce.wi.*)

.debug_abbrev
 *(.debug_abbrev)

.debug_line
 *(.debug_line)

.debug_frame
 *(.debug_frame)

.debug_str
 *(.debug_str)

.debug_loc
 *(.debug_loc)

.debug_macinfo
 *(.debug_macinfo)
OUTPUT(RTOS.elf elf32-avr)
LOAD linker stubs
